00:00 +0: loading C:/Users/pc/Desktop/linguaverse/test/ai_quiz/ai_quiz_test.dart
00:00 +0: C:/Users/pc/Desktop/linguaverse/test/ai_quiz/ai_quiz_test.dart: AI Quiz Flow Test - Default initialization
00:00 +1: C:/Users/pc/Desktop/linguaverse/test/ai_quiz/ai_quiz_test.dart: AI Quiz Flow Test - Loading and Answer Flow
00:00 +2: C:/Users/pc/Desktop/linguaverse/test/features/gamification/badge_service_test.dart: catalogue des badges 20 badges sont disponibles dans le catalogue
*** sqflite warning ***

You are changing sqflite default factory.
Be aware of the potential side effects. Any library using sqflite
will have this factory as the default for all operations.

*** sqflite warning ***

00:00 +3: C:/Users/pc/Desktop/linguaverse/test/features/gamification/badge_service_test.dart: catalogue des badges tous les badges sont verrouill├®s au d├®part
*** sqflite warning ***

You are changing sqflite default factory.
Be aware of the potential side effects. Any library using sqflite
will have this factory as the default for all operations.

*** sqflite warning ***

*** sqflite warning ***

You are changing sqflite default factory.
Be aware of the potential side effects. Any library using sqflite
will have this factory as the default for all operations.

*** sqflite warning ***

00:00 +4: C:/Users/pc/Desktop/linguaverse/test/features/gamification/badge_service_test.dart: attribution de badges streak_7 attribu├® quand streak == 7
*** sqflite warning ***

You are changing sqflite default factory.
Be aware of the potential side effects. Any library using sqflite
will have this factory as the default for all operations.

*** sqflite warning ***

*** sqflite warning ***

You are changing sqflite default factory.
Be aware of the potential side effects. Any library using sqflite
will have this factory as the default for all operations.

*** sqflite warning ***

00:00 +5: C:/Users/pc/Desktop/linguaverse/test/features/gamification/gamification_integration_test.dart: Integration Test: Full Gamification User Journey
00:00 +5: C:/Users/pc/Desktop/linguaverse/test/features/gamification/badge_service_test.dart: attribution de badges streak_7 non attribu├® si streak == 6
*** sqflite warning ***

You are changing sqflite default factory.
Be aware of the potential side effects. Any library using sqflite
will have this factory as the default for all operations.

*** sqflite warning ***

*** sqflite warning ***

You are changing sqflite default factory.
Be aware of the potential side effects. Any library using sqflite
will have this factory as the default for all operations.

*** sqflite warning ***

00:00 +6: C:/Users/pc/Desktop/linguaverse/test/features/gamification/gamification_integration_test.dart: Integration Test: Full Gamification User Journey
00:00 +6: C:/Users/pc/Desktop/linguaverse/test/features/gamification/badge_service_test.dart: attribution de badges xp_1000 attribu├® quand totalXpEver >= 1000
*** sqflite warning ***

You are changing sqflite default factory.
Be aware of the potential side effects. Any library using sqflite
will have this factory as the default for all operations.

*** sqflite warning ***

*** sqflite warning ***

You are changing sqflite default factory.
Be aware of the potential side effects. Any library using sqflite
will have this factory as the default for all operations.

*** sqflite warning ***

00:00 +6: C:/Users/pc/Desktop/linguaverse/test/features/gamification/gamification_integration_test.dart: Integration Test: Full Gamification User Journey
*** sqflite warning ***

You are changing sqflite default factory.
Be aware of the potential side effects. Any library using sqflite
will have this factory as the default for all operations.

*** sqflite warning ***

00:00 +7: C:/Users/pc/Desktop/linguaverse/test/features/gamification/gamification_integration_test.dart: Integration Test: Full Gamification User Journey
00:00 +7: C:/Users/pc/Desktop/linguaverse/test/features/gamification/badge_service_test.dart: protection contre la double attribution badge d├®j├á attribu├® n'est pas r├®-attribu├®
*** sqflite warning ***

You are changing sqflite default factory.
Be aware of the potential side effects. Any library using sqflite
will have this factory as the default for all operations.

*** sqflite warning ***

*** sqflite warning ***

You are changing sqflite default factory.
Be aware of the potential side effects. Any library using sqflite
will have this factory as the default for all operations.

*** sqflite warning ***

00:00 +8: C:/Users/pc/Desktop/linguaverse/test/features/gamification/gamification_integration_test.dart: Integration Test: Full Gamification User Journey
00:00 +8: C:/Users/pc/Desktop/linguaverse/test/features/gamification/badge_service_test.dart: getEarnedBadges retourne uniquement les badges gagn├®s
*** sqflite warning ***

You are changing sqflite default factory.
Be aware of the potential side effects. Any library using sqflite
will have this factory as the default for all operations.

*** sqflite warning ***

*** sqflite warning ***

You are changing sqflite default factory.
Be aware of the potential side effects. Any library using sqflite
will have this factory as the default for all operations.

*** sqflite warning ***

00:00 +9: C:/Users/pc/Desktop/linguaverse/test/features/gamification/gamification_integration_test.dart: Integration Test: Full Gamification User Journey
SUCCESS: Integration test passed - XP: 1500, Level: 2, Badges: 1
00:01 +10: C:/Users/pc/Desktop/linguaverse/test/features/gamification/progression_service_test.dart: xpForLevel formula levelFromXP(500) retourne niveau 2
*** sqflite warning ***

You are changing sqflite default factory.
Be aware of the potential side effects. Any library using sqflite
will have this factory as the default for all operations.

*** sqflite warning ***

00:01 +11: C:/Users/pc/Desktop/linguaverse/test/features/gamification/progression_service_test.dart: xpForLevel formula levelFromXP(499) reste au niveau 1
*** sqflite warning ***

You are changing sqflite default factory.
Be aware of the potential side effects. Any library using sqflite
will have this factory as the default for all operations.

*** sqflite warning ***

*** sqflite warning ***

You are changing sqflite default factory.
Be aware of the potential side effects. Any library using sqflite
will have this factory as the default for all operations.

*** sqflite warning ***

00:01 +12: C:/Users/pc/Desktop/linguaverse/test/features/gamification/progression_service_test.dart: addXP addXP lesson_complete ajoute 50 XP
*** sqflite warning ***

You are changing sqflite default factory.
Be aware of the potential side effects. Any library using sqflite
will have this factory as the default for all operations.

*** sqflite warning ***

*** sqflite warning ***

You are changing sqflite default factory.
Be aware of the potential side effects. Any library using sqflite
will have this factory as the default for all operations.

*** sqflite warning ***

00:01 +13: C:/Users/pc/Desktop/linguaverse/test/features/gamification/progression_service_test.dart: addXP addXP quiz_perfect ajoute 100 XP
*** sqflite warning ***

You are changing sqflite default factory.
Be aware of the potential side effects. Any library using sqflite
will have this factory as the default for all operations.

*** sqflite warning ***

*** sqflite warning ***

You are changing sqflite default factory.
Be aware of the potential side effects. Any library using sqflite
will have this factory as the default for all operations.

*** sqflite warning ***

00:01 +14: C:/Users/pc/Desktop/linguaverse/test/features/gamification/progression_service_test.dart: addXP addXP multiple est cumulatif
*** sqflite warning ***

You are changing sqflite default factory.
Be aware of the potential side effects. Any library using sqflite
will have this factory as the default for all operations.

*** sqflite warning ***

*** sqflite warning ***

You are changing sqflite default factory.
Be aware of the potential side effects. Any library using sqflite
will have this factory as the default for all operations.

*** sqflite warning ***

00:01 +15: C:/Users/pc/Desktop/linguaverse/test/features/gamification/streak_service_test.dart: recordActivity ÔÇö cas diff==0 (d├®j├á actif aujourd'hui) deux activit├®s le m├¬me jour ne doublent pas le streak
00:01 +15: C:/Users/pc/Desktop/linguaverse/test/features/gamification/progression_service_test.dart: addXP mont├®e de niveau d├®tect├®e correctement
*** sqflite warning ***

You are changing sqflite default factory.
Be aware of the potential side effects. Any library using sqflite
will have this factory as the default for all operations.

*** sqflite warning ***

*** sqflite warning ***

You are changing sqflite default factory.
Be aware of the potential side effects. Any library using sqflite
will have this factory as the default for all operations.

*** sqflite warning ***

00:01 +16: C:/Users/pc/Desktop/linguaverse/test/features/gamification/streak_service_test.dart: recordActivity ÔÇö cas diff==0 (d├®j├á actif aujourd'hui) deux activit├®s le m├¬me jour ne doublent pas le streak
00:01 +16: C:/Users/pc/Desktop/linguaverse/test/features/gamification/progression_service_test.dart: addXP pas de levelUp si XP insuffisant
*** sqflite warning ***

You are changing sqflite default factory.
Be aware of the potential side effects. Any library using sqflite
will have this factory as the default for all operations.

*** sqflite warning ***

*** sqflite warning ***

You are changing sqflite default factory.
Be aware of the potential side effects. Any library using sqflite
will have this factory as the default for all operations.

*** sqflite warning ***

00:01 +17: C:/Users/pc/Desktop/linguaverse/test/features/gamification/streak_service_test.dart: recordActivity ÔÇö cas diff==0 (d├®j├á actif aujourd'hui) deux activit├®s le m├¬me jour ne doublent pas le streak
00:01 +17: C:/Users/pc/Desktop/linguaverse/test/features/gamification/progression_service_test.dart: streak multiplier streak 0 -> multiplicateur 1.0
*** sqflite warning ***

You are changing sqflite default factory.
Be aware of the potential side effects. Any library using sqflite
will have this factory as the default for all operations.

*** sqflite warning ***

*** sqflite warning ***

You are changing sqflite default factory.
Be aware of the potential side effects. Any library using sqflite
will have this factory as the default for all operations.

*** sqflite warning ***

00:01 +17: C:/Users/pc/Desktop/linguaverse/test/features/gamification/streak_service_test.dart: recordActivity ÔÇö cas diff==0 (d├®j├á actif aujourd'hui) deux activit├®s le m├¬me jour ne doublent pas le streak
*** sqflite warning ***

You are changing sqflite default factory.
Be aware of the potential side effects. Any library using sqflite
will have this factory as the default for all operations.

*** sqflite warning ***

00:01 +18: C:/Users/pc/Desktop/linguaverse/test/features/gamification/streak_service_test.dart: recordActivity ÔÇö cas diff==0 (d├®j├á actif aujourd'hui) deux activit├®s le m├¬me jour ne doublent pas le streak
00:01 +18: C:/Users/pc/Desktop/linguaverse/test/features/gamification/progression_service_test.dart: streak multiplier streak 7 -> multiplicateur 1.05
*** sqflite warning ***

You are changing sqflite default factory.
Be aware of the potential side effects. Any library using sqflite
will have this factory as the default for all operations.

*** sqflite warning ***

*** sqflite warning ***

You are changing sqflite default factory.
Be aware of the potential side effects. Any library using sqflite
will have this factory as the default for all operations.

*** sqflite warning ***

00:01 +19: C:/Users/pc/Desktop/linguaverse/test/features/gamification/streak_service_test.dart: recordActivity ÔÇö cas diff==0 (d├®j├á actif aujourd'hui) deux activit├®s le m├¬me jour ne doublent pas le streak
00:01 +19: C:/Users/pc/Desktop/linguaverse/test/features/gamification/progression_service_test.dart: streak multiplier streak 100 -> multiplicateur plafonn├® ├á 1.20
*** sqflite warning ***

You are changing sqflite default factory.
Be aware of the potential side effects. Any library using sqflite
will have this factory as the default for all operations.

*** sqflite warning ***

*** sqflite warning ***

You are changing sqflite default factory.
Be aware of the potential side effects. Any library using sqflite
will have this factory as the default for all operations.

*** sqflite warning ***

00:01 +20: C:/Users/pc/Desktop/linguaverse/test/features/gamification/streak_service_test.dart: recordActivity ÔÇö cas diff==0 (d├®j├á actif aujourd'hui) deux activit├®s le m├¬me jour ne doublent pas le streak
00:01 +20: C:/Users/pc/Desktop/linguaverse/test/features/gamification/progression_service_test.dart: getXPByDayThisWeek retourne une map avec 7 entr├®es
*** sqflite warning ***

You are changing sqflite default factory.
Be aware of the potential side effects. Any library using sqflite
will have this factory as the default for all operations.

*** sqflite warning ***

*** sqflite warning ***

You are changing sqflite default factory.
Be aware of the potential side effects. Any library using sqflite
will have this factory as the default for all operations.

*** sqflite warning ***

00:01 +21: C:/Users/pc/Desktop/linguaverse/test/features/gamification/streak_service_test.dart: recordActivity ÔÇö cas diff==0 (d├®j├á actif aujourd'hui) deux activit├®s le m├¬me jour ne doublent pas le streak
00:01 +21: C:/Users/pc/Desktop/linguaverse/test/features/gamification/progression_service_test.dart: getXPByDayThisWeek XP du jour refl├¿te les gains r├®cents
*** sqflite warning ***

You are changing sqflite default factory.
Be aware of the potential side effects. Any library using sqflite
will have this factory as the default for all operations.

*** sqflite warning ***

*** sqflite warning ***

You are changing sqflite default factory.
Be aware of the potential side effects. Any library using sqflite
will have this factory as the default for all operations.

*** sqflite warning ***

00:01 +22: C:/Users/pc/Desktop/linguaverse/test/features/gamification/progression_service_test.dart: getXPByDayThisWeek XP du jour refl├¿te les gains r├®cents
00:01 +22: C:/Users/pc/Desktop/linguaverse/test/features/gamification/streak_service_test.dart: recordActivity ÔÇö cas diff==1 (activit├® hier) activit├® cons├®cutive incr├®mente le streak
*** sqflite warning ***

You are changing sqflite default factory.
Be aware of the potential side effects. Any library using sqflite
will have this factory as the default for all operations.

*** sqflite warning ***

*** sqflite warning ***

You are changing sqflite default factory.
Be aware of the potential side effects. Any library using sqflite
will have this factory as the default for all operations.

*** sqflite warning ***

00:01 +23: C:/Users/pc/Desktop/linguaverse/test/features/gamification/streak_service_test.dart: recordActivity ÔÇö cas diff==1 (activit├® hier) activit├® cons├®cutive incr├®mente le streak
00:01 +24: C:/Users/pc/Desktop/linguaverse/test/features/gamification/streak_service_test.dart: recordActivity ÔÇö cas diff>=2 (streak cass├®) gap de 2 jours remet le streak ├á 1
*** sqflite warning ***

You are changing sqflite default factory.
Be aware of the potential side effects. Any library using sqflite
will have this factory as the default for all operations.

*** sqflite warning ***

*** sqflite warning ***

You are changing sqflite default factory.
Be aware of the potential side effects. Any library using sqflite
will have this factory as the default for all operations.

*** sqflite warning ***

00:02 +25: C:/Users/pc/Desktop/linguaverse/test/features/gamification/streak_service_test.dart: recordActivity ÔÇö cas diff>=2 (streak cass├®) gap de 10 jours remet le streak ├á 1
*** sqflite warning ***

You are changing sqflite default factory.
Be aware of the potential side effects. Any library using sqflite
will have this factory as the default for all operations.

*** sqflite warning ***

*** sqflite warning ***

You are changing sqflite default factory.
Be aware of the potential side effects. Any library using sqflite
will have this factory as the default for all operations.

*** sqflite warning ***

00:02 +26: C:/Users/pc/Desktop/linguaverse/test/features/gamification/streak_service_test.dart: streak_best mis ├á jour streak_best augmente si nouveau record
*** sqflite warning ***

You are changing sqflite default factory.
Be aware of the potential side effects. Any library using sqflite
will have this factory as the default for all operations.

*** sqflite warning ***

*** sqflite warning ***

You are changing sqflite default factory.
Be aware of the potential side effects. Any library using sqflite
will have this factory as the default for all operations.

*** sqflite warning ***

00:02 +27: C:/Users/pc/Desktop/linguaverse/test/features/gamification/streak_service_test.dart: streak_best mis ├á jour streak_best ne diminue pas si streak cass├®
*** sqflite warning ***

You are changing sqflite default factory.
Be aware of the potential side effects. Any library using sqflite
will have this factory as the default for all operations.

*** sqflite warning ***

*** sqflite warning ***

You are changing sqflite default factory.
Be aware of the potential side effects. Any library using sqflite
will have this factory as the default for all operations.

*** sqflite warning ***

00:02 +28: C:/Users/pc/Desktop/linguaverse/test/features/gamification/streak_service_test.dart: isStreakAlive alive si activit├® aujourd'hui
*** sqflite warning ***

You are changing sqflite default factory.
Be aware of the potential side effects. Any library using sqflite
will have this factory as the default for all operations.

*** sqflite warning ***

*** sqflite warning ***

You are changing sqflite default factory.
Be aware of the potential side effects. Any library using sqflite
will have this factory as the default for all operations.

*** sqflite warning ***

00:02 +29: C:/Users/pc/Desktop/linguaverse/test/features/gamification/streak_service_test.dart: isStreakAlive alive si activit├® hier
*** sqflite warning ***

You are changing sqflite default factory.
Be aware of the potential side effects. Any library using sqflite
will have this factory as the default for all operations.

*** sqflite warning ***

*** sqflite warning ***

You are changing sqflite default factory.
Be aware of the potential side effects. Any library using sqflite
will have this factory as the default for all operations.

*** sqflite warning ***

00:02 +30: C:/Users/pc/Desktop/linguaverse/test/features/gamification/streak_service_test.dart: isStreakAlive mort si activit├® il y a 2 jours
*** sqflite warning ***

You are changing sqflite default factory.
Be aware of the potential side effects. Any library using sqflite
will have this factory as the default for all operations.

*** sqflite warning ***

*** sqflite warning ***

You are changing sqflite default factory.
Be aware of the potential side effects. Any library using sqflite
will have this factory as the default for all operations.

*** sqflite warning ***

00:02 +31: C:/Users/pc/Desktop/linguaverse/test/lessons/lesson_progress_test.dart: UserProgress Flow - Mark lesson as completed
00:02 +32: C:/Users/pc/Desktop/linguaverse/test/lessons/lesson_progress_test.dart: UserProgress Flow - Quiz passed unlocks next lesson
00:02 +33: C:/Users/pc/Desktop/linguaverse/test/lessons/lesson_progress_test.dart: UserProgress Flow - Unit Quiz Passed
00:02 +34: C:/Users/pc/Desktop/linguaverse/test/quiz/quiz_flow_test.dart: Quiz Flow - State changes correctly
00:06 +34 -1: C:/Users/pc/Desktop/linguaverse/test/quiz/quiz_flow_test.dart: Quiz Flow - State changes correctly [E]
  Bad state: databaseFactory not initialized
  databaseFactory is only initialized when using sqflite. When using `sqflite_common_ffi`
  You must call `databaseFactory = databaseFactoryFfi;` before using global openDatabase API
  
  package:sqflite_common/src/sqflite_database_factory.dart 32:7                                        databaseFactory.<fn>
  package:sqflite_common/src/sqflite_database_factory.dart 36:6                                        databaseFactory
  package:sqflite_common/sqflite.dart 109:38                                                           getDatabasesPath
  package:linguaverse/core/services/database_helper.dart 37:26                                         DatabaseHelper._initDatabase
  package:linguaverse/core/services/database_helper.dart 18:23                                         DatabaseHelper.database
  package:linguaverse/features/gamification/data/services/progression_service.dart 96:26               ProgressionService.addXP
  package:linguaverse/features/gamification/presentation/providers/gamification_providers.dart 198:63  addXPProvider.<fn>.<fn>
  package:linguaverse/features/quiz/viewmodels/quiz_viewmodel.dart 238:53                              QuizViewModel._completeQuiz
  package:linguaverse/features/quiz/viewmodels/quiz_viewmodel.dart 212:7                               QuizViewModel._advance
  package:linguaverse/features/quiz/viewmodels/quiz_viewmodel.dart 145:20                              QuizViewModel.submitAnswer.<fn>
  ===== asynchronous gap ===========================
  dart:async                                                                                           _CustomZone.registerBinaryCallback
  package:linguaverse/features/quiz/viewmodels/quiz_viewmodel.dart 238:23                              QuizViewModel._completeQuiz
  package:linguaverse/features/quiz/viewmodels/quiz_viewmodel.dart 212:7                               QuizViewModel._advance
  package:linguaverse/features/quiz/viewmodels/quiz_viewmodel.dart 145:20                              QuizViewModel.submitAnswer.<fn>
  ===== asynchronous gap ===========================
  dart:async                                                                                           new Future.delayed
  package:linguaverse/features/quiz/viewmodels/quiz_viewmodel.dart 144:12                              QuizViewModel.submitAnswer
  test\quiz\quiz_flow_test.dart 57:14                                                                  main.<fn>
  ===== asynchronous gap ===========================
  dart:async                                                                                           _CustomZone.registerUnaryCallback
  test\quiz\quiz_flow_test.dart 21:5                                                                   main.<fn>
  
  TimeoutException after 0:00:30.000000: Test timed out after 30 seconds. See https://pub.dev/packages/test#timeouts
  dart:isolate  _RawReceivePort._handleMessage
  
00:33 +34 -1: Some tests failed.
